
  .   ____          _            __ _ _
 /\\ / ___'_ __ _ _(_)_ __  __ _ \ \ \ \
( ( )\___ | '_ | '_| | '_ \/ _` | \ \ \ \
 \\/  ___)| |_)| | | | | || (_| |  ) ) ) )
  '  |____| .__|_| |_|_| |_\__, | / / / /
 =========|_|==============|___/=/_/_/_/

 :: Spring Boot ::                (v3.5.9)

2025-12-26T04:36:13.809+02:00  INFO 22604 --- [backend] [           main] com.trtl88.backend.BackendApplication    : Starting BackendApplication v0.0.1-SNAPSHOT using Java 23 with PID 22604 (C:\Users\Mohamed\Documents\GitHub\online-bookstore\backend\target\backend-0.0.1-SNAPSHOT.jar started by Mohamed in C:\Users\Mohamed\Documents\GitHub\online-bookstore\backend)
2025-12-26T04:36:13.811+02:00  INFO 22604 --- [backend] [           main] com.trtl88.backend.BackendApplication    : No active profile set, falling back to 1 default profile: "default"
2025-12-26T04:36:14.594+02:00  INFO 22604 --- [backend] [           main] .s.d.r.c.RepositoryConfigurationDelegate : Bootstrapping Spring Data JPA repositories in DEFAULT mode.
2025-12-26T04:36:14.616+02:00  INFO 22604 --- [backend] [           main] .s.d.r.c.RepositoryConfigurationDelegate : Finished Spring Data repository scanning in 12 ms. Found 0 JPA repository interfaces.
2025-12-26T04:36:15.093+02:00  INFO 22604 --- [backend] [           main] o.s.b.w.embedded.tomcat.TomcatWebServer  : Tomcat initialized with port 8080 (http)
2025-12-26T04:36:15.110+02:00  INFO 22604 --- [backend] [           main] o.apache.catalina.core.StandardService   : Starting service [Tomcat]
2025-12-26T04:36:15.111+02:00  INFO 22604 --- [backend] [           main] o.apache.catalina.core.StandardEngine    : Starting Servlet engine: [Apache Tomcat/10.1.50]
2025-12-26T04:36:15.149+02:00  INFO 22604 --- [backend] [           main] o.a.c.c.C.[Tomcat].[localhost].[/]       : Initializing Spring embedded WebApplicationContext
2025-12-26T04:36:15.150+02:00  INFO 22604 --- [backend] [           main] w.s.c.ServletWebServerApplicationContext : Root WebApplicationContext: initialization completed in 1283 ms
2025-12-26T04:36:15.280+02:00  INFO 22604 --- [backend] [           main] com.zaxxer.hikari.HikariDataSource       : HikariPool-1 - Starting...
2025-12-26T04:36:15.449+02:00  INFO 22604 --- [backend] [           main] com.zaxxer.hikari.pool.HikariPool        : HikariPool-1 - Added connection com.mysql.cj.jdbc.ConnectionImpl@53940e2f
2025-12-26T04:36:15.450+02:00  INFO 22604 --- [backend] [           main] com.zaxxer.hikari.HikariDataSource       : HikariPool-1 - Start completed.
2025-12-26T04:36:15.808+02:00  INFO 22604 --- [backend] [           main] o.hibernate.jpa.internal.util.LogHelper  : HHH000204: Processing PersistenceUnitInfo [name: default]
2025-12-26T04:36:15.858+02:00  INFO 22604 --- [backend] [           main] org.hibernate.Version                    : HHH000412: Hibernate ORM core version 6.6.39.Final
2025-12-26T04:36:15.890+02:00  INFO 22604 --- [backend] [           main] o.h.c.internal.RegionFactoryInitiator    : HHH000026: Second-level cache disabled
2025-12-26T04:36:16.147+02:00  INFO 22604 --- [backend] [           main] o.s.o.j.p.SpringPersistenceUnitInfo      : No LoadTimeWeaver setup: ignoring JPA class transformer
2025-12-26T04:36:16.211+02:00  WARN 22604 --- [backend] [           main] org.hibernate.dialect.Dialect            : HHH000511: The 5.5.5 version for [org.hibernate.dialect.MySQLDialect] is no longer supported, hence certain features may not work properly. The minimum supported version is 8.0.0. Check the community dialects project for available legacy versions.
2025-12-26T04:36:16.232+02:00  INFO 22604 --- [backend] [           main] org.hibernate.orm.connections.pooling    : HHH10001005: Database info:
	Database JDBC URL [Connecting through datasource 'HikariDataSource (HikariPool-1)']
	Database driver: undefined/unknown
	Database version: 5.5.5
	Autocommit mode: undefined/unknown
	Isolation level: undefined/unknown
	Minimum pool size: undefined/unknown
	Maximum pool size: undefined/unknown
2025-12-26T04:36:16.640+02:00  INFO 22604 --- [backend] [           main] o.h.e.t.j.p.i.JtaPlatformInitiator       : HHH000489: No JTA platform available (set 'hibernate.transaction.jta.platform' to enable JTA platform integration)
2025-12-26T04:36:16.644+02:00  INFO 22604 --- [backend] [           main] j.LocalContainerEntityManagerFactoryBean : Initialized JPA EntityManagerFactory for persistence unit 'default'
2025-12-26T04:36:16.831+02:00  WARN 22604 --- [backend] [           main] JpaBaseConfiguration$JpaWebConfiguration : spring.jpa.open-in-view is enabled by default. Therefore, database queries may be performed during view rendering. Explicitly configure spring.jpa.open-in-view to disable this warning
2025-12-26T04:36:16.858+02:00  INFO 22604 --- [backend] [           main] o.s.b.a.w.s.WelcomePageHandlerMapping    : Adding welcome page: class path resource [static/index.html]
2025-12-26T04:36:17.387+02:00  INFO 22604 --- [backend] [           main] o.s.b.w.embedded.tomcat.TomcatWebServer  : Tomcat started on port 8080 (http) with context path '/'
2025-12-26T04:36:17.412+02:00  INFO 22604 --- [backend] [           main] com.trtl88.backend.BackendApplication    : Started BackendApplication in 4.014 seconds (process running for 4.644)
